../Core/Src/main.c:75:5:_write	24	static
../Core/Src/main.c:82:9:read_encoder_value	24	static
../Core/Src/main.c:97:5:main	88	static
../Core/Src/main.c:181:6:SystemClock_Config	88	static
../Core/Src/main.c:228:13:MX_I2C1_Init	8	static
../Core/Src/main.c:276:13:MX_TIM1_Init	120	static
../Core/Src/main.c:362:13:MX_TIM2_Init	56	static
../Core/Src/main.c:411:13:MX_TIM3_Init	56	static
../Core/Src/main.c:460:13:MX_TIM16_Init	8	static
../Core/Src/main.c:492:13:MX_TIM17_Init	8	static
../Core/Src/main.c:524:13:MX_USART2_UART_Init	8	static
../Core/Src/main.c:572:13:MX_GPIO_Init	40	static
../Core/Src/main.c:608:6:BNO055_Init	32	static
../Core/Src/main.c:642:6:user_tim1_pwm_setvalue	48	static
../Core/Src/main.c:686:6:Error_Handler	4	static,ignoring_inline_asm
