../Core/Src/main.c:75:5:_write	1
../Core/Src/main.c:82:9:read_encoder_value	1
../Core/Src/main.c:90:6:BNO055_Init	1
../Core/Src/main.c:125:5:main	2
../Core/Src/main.c:203:6:SystemClock_Config	3
../Core/Src/main.c:250:13:MX_I2C1_Init	4
../Core/Src/main.c:298:13:MX_TIM1_Init	8
../Core/Src/main.c:386:13:MX_TIM2_Init	3
../Core/Src/main.c:435:13:MX_TIM3_Init	3
../Core/Src/main.c:484:13:MX_TIM16_Init	2
../Core/Src/main.c:516:13:MX_TIM17_Init	2
../Core/Src/main.c:548:13:MX_USART2_UART_Init	5
../Core/Src/main.c:596:13:MX_GPIO_Init	1
../Core/Src/main.c:638:6:Error_Handler	1
