../Core/Src/main.c:75:5:_write	24	static
../Core/Src/main.c:82:9:read_encoder_value	24	static
../Core/Src/main.c:90:6:BNO055_Init	32	static
../Core/Src/main.c:125:5:main	88	static
../Core/Src/main.c:203:6:SystemClock_Config	88	static
../Core/Src/main.c:250:13:MX_I2C1_Init	8	static
../Core/Src/main.c:298:13:MX_TIM1_Init	120	static
../Core/Src/main.c:386:13:MX_TIM2_Init	56	static
../Core/Src/main.c:435:13:MX_TIM3_Init	56	static
../Core/Src/main.c:484:13:MX_TIM16_Init	8	static
../Core/Src/main.c:516:13:MX_TIM17_Init	8	static
../Core/Src/main.c:548:13:MX_USART2_UART_Init	8	static
../Core/Src/main.c:596:13:MX_GPIO_Init	40	static
../Core/Src/main.c:638:6:Error_Handler	4	static,ignoring_inline_asm
