../Core/Src/main.c:75:5:_write	1
../Core/Src/main.c:82:9:read_encoder_value	1
../Core/Src/main.c:90:6:BNO055_Init	1
../Core/Src/main.c:125:5:main	2
../Core/Src/main.c:207:6:SystemClock_Config	3
../Core/Src/main.c:254:13:MX_I2C1_Init	4
../Core/Src/main.c:302:13:MX_TIM1_Init	8
../Core/Src/main.c:388:13:MX_TIM2_Init	3
../Core/Src/main.c:437:13:MX_TIM3_Init	3
../Core/Src/main.c:486:13:MX_TIM16_Init	2
../Core/Src/main.c:518:13:MX_TIM17_Init	2
../Core/Src/main.c:550:13:MX_USART2_UART_Init	5
../Core/Src/main.c:598:13:MX_GPIO_Init	1
../Core/Src/main.c:633:6:user_tim1_pwm_setvalue	1
../Core/Src/main.c:677:6:Error_Handler	1
