12:57:52 **** Incremental Build of configuration Debug for project test ****
make -j8 all 
arm-none-eabi-gcc "../Core/Src/main.c" -mcpu=cortex-m4 -std=gnu11 -g3 -DDEBUG -DUSE_HAL_DRIVER -DSTM32G431xx -c -I../Core/Inc -I../Drivers/STM32G4xx_HAL_Driver/Inc -I../Drivers/STM32G4xx_HAL_Driver/Inc/Legacy -I../Drivers/CMSIS/Device/ST/STM32G4xx/Include -I../Drivers/CMSIS/Include -O0 -ffunction-sections -fdata-sections -Wall -fstack-usage -fcyclomatic-complexity -MMD -MP -MF"Core/Src/main.d" -MT"Core/Src/main.o" --specs=nano.specs -mfpu=fpv4-sp-d16 -mfloat-abi=hard -mthumb -o "Core/Src/main.o"
../Core/Src/main.c: In function 'main':
../Core/Src/main.c:165:67: warning: passing argument 5 of 'HAL_I2C_Mem_Read' from incompatible pointer type [-Wincompatible-pointer-types]
  165 |   HAL_I2C_Mem_Read(&hi2c1, 0x28 << 1, 0x3A, I2C_MEMADD_SIZE_8BIT, &Rxbuffer, 1, 100);
      |                                                                   ^~~~~~~~~
      |                                                                   |
      |                                                                   uint8_t (*)[6] {aka unsigned char (*)[6]}
In file included from ../Core/Inc/stm32g4xx_hal_conf.h:280,
                 from ../Drivers/STM32G4xx_HAL_Driver/Inc/stm32g4xx_hal.h:29,
                 from ../Core/Inc/main.h:30,
                 from ../Core/Src/main.c:20:
../Drivers/STM32G4xx_HAL_Driver/Inc/stm32g4xx_hal_i2c.h:632:66: note: expected 'uint8_t *' {aka 'unsigned char *'} but argument is of type 'uint8_t (*)[6]' {aka 'unsigned char (*)[6]'}
  632 |                                    uint16_t MemAddSize, uint8_t *pData, uint16_t Size, uint32_t Timeout);
      |                                                         ~~~~~~~~~^~~~~
../Core/Src/main.c:168:73: warning: passing argument 5 of 'HAL_I2C_Mem_Read' from incompatible pointer type [-Wincompatible-pointer-types]
  168 |         HAL_I2C_Mem_Read(&hi2c1, 0x28 << 1, 0x00, I2C_MEMADD_SIZE_8BIT, &Rxbuffer, 1, 100);
      |                                                                         ^~~~~~~~~
      |                                                                         |
      |                                                                         uint8_t (*)[6] {aka unsigned char (*)[6]}
In file included from ../Core/Inc/stm32g4xx_hal_conf.h:280,
                 from ../Drivers/STM32G4xx_HAL_Driver/Inc/stm32g4xx_hal.h:29,
                 from ../Core/Inc/main.h:30,
                 from ../Core/Src/main.c:20:
../Drivers/STM32G4xx_HAL_Driver/Inc/stm32g4xx_hal_i2c.h:632:66: note: expected 'uint8_t *' {aka 'unsigned char *'} but argument is of type 'uint8_t (*)[6]' {aka 'unsigned char (*)[6]'}
  632 |                                    uint16_t MemAddSize, uint8_t *pData, uint16_t Size, uint32_t Timeout);
      |                                                         ~~~~~~~~~^~~~~
../Core/Src/main.c:171:73: warning: passing argument 5 of 'HAL_I2C_Mem_Read' from incompatible pointer type [-Wincompatible-pointer-types]
  171 |         HAL_I2C_Mem_Read(&hi2c1, 0x28 << 1, 0x34, I2C_MEMADD_SIZE_8BIT, &Rxbuffer, 1, 100);
      |                                                                         ^~~~~~~~~
      |                                                                         |
      |                                                                         uint8_t (*)[6] {aka unsigned char (*)[6]}
In file included from ../Core/Inc/stm32g4xx_hal_conf.h:280,
                 from ../Drivers/STM32G4xx_HAL_Driver/Inc/stm32g4xx_hal.h:29,
                 from ../Core/Inc/main.h:30,
                 from ../Core/Src/main.c:20:
../Drivers/STM32G4xx_HAL_Driver/Inc/stm32g4xx_hal_i2c.h:632:66: note: expected 'uint8_t *' {aka 'unsigned char *'} but argument is of type 'uint8_t (*)[6]' {aka 'unsigned char (*)[6]'}
  632 |                                    uint16_t MemAddSize, uint8_t *pData, uint16_t Size, uint32_t Timeout);
      |                                                         ~~~~~~~~~^~~~~
../Core/Src/main.c:181:26: warning: format '%d' expects argument of type 'int', but argument 2 has type 'int32_t' {aka 'long int'} [-Wformat=]
  181 |           printf("Right:%d\r\n",read_encoder_value(TIM2));
      |                         ~^      ~~~~~~~~~~~~~~~~~~~~~~~~
      |                          |      |
      |                          int    int32_t {aka long int}
      |                         %ld
../Core/Src/main.c:182:26: warning: format '%d' expects argument of type 'int', but argument 2 has type 'int32_t' {aka 'long int'} [-Wformat=]
  182 |           printf("Left :%d\r\n",read_encoder_value(TIM3));
      |                         ~^      ~~~~~~~~~~~~~~~~~~~~~~~~
      |                          |      |
      |                          int    int32_t {aka long int}
      |                         %ld
arm-none-eabi-g++ -o "test.elf" @"objects.list"   -mcpu=cortex-m4 -T"C:\data\Tsemi\2023\InvertedPendulum\Yoshi_InvertedPendulum\Firmware\test\STM32G431KBTX_FLASH.ld" --specs=nosys.specs -Wl,-Map="test.map" -Wl,--gc-sections -static --specs=nano.specs -mfpu=fpv4-sp-d16 -mfloat-abi=hard -mthumb -u _printf_float -Wl,--start-group -lc -lm -lstdc++ -lsupc++ -Wl,--end-group
Finished building target: test.elf
 
arm-none-eabi-size   test.elf 
arm-none-eabi-objdump -h -S  test.elf  > "test.list"
   text	   data	    bss	    dec	    hex	filename
  36400	    476	   2508	  39384	   99d8	test.elf
Finished building: default.size.stdout
 
Finished building: test.list
 

12:57:54 Build Finished. 0 errors, 5 warnings. (took 2s.396ms)

