../Core/Src/main.c:77:5:main	8	static
../Core/Src/main.c:126:6:SystemClock_Config	88	static
../Core/Src/main.c:173:13:MX_TIM1_Init	120	static
../Core/Src/main.c:255:13:MX_TIM2_Init	64	static
../Core/Src/main.c:318:13:MX_TIM3_Init	56	static
../Core/Src/main.c:367:13:MX_TIM4_Init	56	static
../Core/Src/main.c:416:13:MX_TIM17_Init	88	static
../Core/Src/main.c:479:13:MX_USART2_UART_Init	8	static
../Core/Src/main.c:527:13:MX_GPIO_Init	40	static
../Core/Src/main.c:559:6:Error_Handler	4	static,ignoring_inline_asm
